// Jest Snapshot v1, https://goo.gl/fbAQLP

exports[`renders homepage unchanged 1`] = `
<div
  className="container"
>
  <main
    className="main"
  >
    <h1
      className="title"
    >
      Welcome to 
      <a
        href="https://nextjs.org"
      >
        Next.js!
      </a>
    </h1>
  </main>
  <footer
    className="footer"
  >
    <a
      href=""
      rel="noopener noreferrer"
      target="_blank"
    >
      Powered by 
      <span
        className="logo"
      />
    </a>
  </footer>
</div>
`;
